error[E0658]: attributes on expressions are experimental
  --> $DIR/allowed-positions.rs:105:25
   |
LL |     let _closure_expr = #[coverage(off)] || ();
   |                         ^^^^^^^^^^^^^^^^
   |
   = note: see issue #15701 <https://github.com/rust-lang/rust/issues/15701> for more information
   = help: add `#![feature(stmt_expr_attributes)]` to the crate attributes to enable
   = note: this compiler was built on YYYY-MM-DD; consider upgrading it if it is out of date

error[E0788]: coverage attribute not allowed here
  --> $DIR/allowed-positions.rs:13:1
   |
LL | #[coverage(off)]
   | ^^^^^^^^^^^^^^^^
LL | type MyTypeAlias = ();
   | ---------------------- not a function, impl block, or module
   |
   = help: coverage attribute can be applied to a function (with body), impl block, or module

error[E0788]: coverage attribute not allowed here
  --> $DIR/allowed-positions.rs:16:1
   |
LL |   #[coverage(off)]
   |   ^^^^^^^^^^^^^^^^
LL | / trait MyTrait {
LL | |     #[coverage(off)]
LL | |     const TRAIT_ASSOC_CONST: u32;
...  |
LL | |     fn trait_assoc_fn();
LL | | }
   | |_- not a function, impl block, or module
   |
   = help: coverage attribute can be applied to a function (with body), impl block, or module

error[E0788]: coverage attribute not allowed here
  --> $DIR/allowed-positions.rs:60:1
   |
LL |   #[coverage(off)]
   |   ^^^^^^^^^^^^^^^^
LL | / struct MyStruct {
LL | |     #[coverage(off)]
LL | |     field: u32,
LL | | }
   | |_- not a function, impl block, or module
   |
   = help: coverage attribute can be applied to a function (with body), impl block, or module

error[E0788]: coverage attribute not allowed here
  --> $DIR/allowed-positions.rs:62:5
   |
LL |     #[coverage(off)]
   |     ^^^^^^^^^^^^^^^^
LL |     field: u32,
   |     ---------- not a function, impl block, or module
   |
   = help: coverage attribute can be applied to a function (with body), impl block, or module

error[E0788]: coverage attribute not allowed here
  --> $DIR/allowed-positions.rs:87:5
   |
LL |     #[coverage(off)]
   |     ^^^^^^^^^^^^^^^^
LL |     let _ = ();
   |     ----------- not a function, impl block, or module
   |
   = help: coverage attribute can be applied to a function (with body), impl block, or module

error[E0788]: coverage attribute not allowed here
  --> $DIR/allowed-positions.rs:93:5
   |
LL |     #[coverage(off)]
   |     ^^^^^^^^^^^^^^^^
LL |     let _let_closure = || ();
   |     ------------------------- not a function, impl block, or module
   |
   = help: coverage attribute can be applied to a function (with body), impl block, or module

error[E0788]: coverage attribute not allowed here
  --> $DIR/allowed-positions.rs:109:9
   |
LL |         #[coverage(off)]
   |         ^^^^^^^^^^^^^^^^
LL |         () => (),
   |         -------- not a function, impl block, or module
   |
   = help: coverage attribute can be applied to a function (with body), impl block, or module

error[E0788]: coverage attribute not allowed here
  --> $DIR/allowed-positions.rs:113:5
   |
LL |     #[coverage(off)]
   |     ^^^^^^^^^^^^^^^^
LL |     return ();
   |     --------- not a function, impl block, or module
   |
   = help: coverage attribute can be applied to a function (with body), impl block, or module

error[E0788]: coverage attribute not allowed here
  --> $DIR/allowed-positions.rs:18:5
   |
LL |     #[coverage(off)]
   |     ^^^^^^^^^^^^^^^^
LL |     const TRAIT_ASSOC_CONST: u32;
   |     ----------------------------- not a function, impl block, or module
   |
   = help: coverage attribute can be applied to a function (with body), impl block, or module

error[E0788]: coverage attribute not allowed here
  --> $DIR/allowed-positions.rs:21:5
   |
LL |     #[coverage(off)]
   |     ^^^^^^^^^^^^^^^^
LL |     type TraitAssocType;
   |     -------------------- not a function, impl block, or module
   |
   = help: coverage attribute can be applied to a function (with body), impl block, or module

error[E0788]: coverage attribute not allowed here
  --> $DIR/allowed-positions.rs:24:5
   |
LL |     #[coverage(off)]
   |     ^^^^^^^^^^^^^^^^
LL |     fn trait_method(&self);
   |     ----------------------- function has no body
   |
   = help: coverage attribute can be applied to a function (with body), impl block, or module

error[E0788]: coverage attribute not allowed here
  --> $DIR/allowed-positions.rs:30:5
   |
LL |     #[coverage(off)]
   |     ^^^^^^^^^^^^^^^^
LL |     fn trait_assoc_fn();
   |     -------------------- function has no body
   |
   = help: coverage attribute can be applied to a function (with body), impl block, or module

error[E0788]: coverage attribute not allowed here
  --> $DIR/allowed-positions.rs:38:5
   |
LL |     #[coverage(off)]
   |     ^^^^^^^^^^^^^^^^
LL |     type TraitAssocType = Self;
   |     --------------------------- not a function, impl block, or module
   |
   = help: coverage attribute can be applied to a function (with body), impl block, or module

error[E0788]: coverage attribute not allowed here
  --> $DIR/allowed-positions.rs:55:5
   |
LL |     #[coverage(off)]
   |     ^^^^^^^^^^^^^^^^
LL |     type T = impl Copy;
   |     ------------------- not a function, impl block, or module
   |
   = help: coverage attribute can be applied to a function (with body), impl block, or module

error[E0788]: coverage attribute not allowed here
  --> $DIR/allowed-positions.rs:75:5
   |
LL |     #[coverage(off)]
   |     ^^^^^^^^^^^^^^^^
LL |     static X: u32;
   |     -------------- not a function, impl block, or module
   |
   = help: coverage attribute can be applied to a function (with body), impl block, or module

error[E0788]: coverage attribute not allowed here
  --> $DIR/allowed-positions.rs:78:5
   |
LL |     #[coverage(off)]
   |     ^^^^^^^^^^^^^^^^
LL |     type T;
   |     ------- not a function, impl block, or module
   |
   = help: coverage attribute can be applied to a function (with body), impl block, or module

error[E0788]: coverage attribute not allowed here
  --> $DIR/allowed-positions.rs:81:5
   |
LL |     #[coverage(off)]
   |     ^^^^^^^^^^^^^^^^
LL |     fn foreign_fn();
   |     ---------------- function has no body
   |
   = help: coverage attribute can be applied to a function (with body), impl block, or module

error: aborting due to 18 previous errors

Some errors have detailed explanations: E0658, E0788.
For more information about an error, try `rustc --explain E0658`.
